[{"entry":{"schema":"worktrail.index.entry.v1","id":"e2e-decision-hybrid-recall","scope":"project","type":"decision","path":"decisions/hybrid-recall.md","title":"Hybrid Recall Context Contract","status":"accepted","stage":"decision","lifecycle":"current","topic":"semantic-recall","source_of_truth":true,"tags":["e2e-prod-gate","hybrid","semantic"],"content":"","updated_at":"2026-07-15T00:00:00Z"},"score":21.829634441450686}]
